Archive member included to satisfy reference by file (symbol)

/Users/weitung/eclipse-workspace/tools/bin/../lib/gcc/arm-none-eabi/8.2.1/../../../../arm-none-eabi/lib/thumb/v7-m/nofp/librdimon_nano.a(rdimon-syscalls.o)
                              /Users/weitung/eclipse-workspace/tools/bin/../lib/gcc/arm-none-eabi/8.2.1/../../../../arm-none-eabi/lib/thumb/v7-m/nofp/rdimon-crt0.o (initialise_monitor_handles)
/Users/weitung/eclipse-workspace/tools/bin/../lib/gcc/arm-none-eabi/8.2.1/../../../../arm-none-eabi/lib/thumb/v7-m/nofp/libm.a(lib_a-s_cos.o)
                              ./src/STM32_Src/tm_stm32f4_gps.o (cos)
/Users/weitung/eclipse-workspace/tools/bin/../lib/gcc/arm-none-eabi/8.2.1/../../../../arm-none-eabi/lib/thumb/v7-m/nofp/libm.a(lib_a-s_sin.o)
                              ./src/STM32_Src/tm_stm32f4_gps.o (sin)
/Users/weitung/eclipse-workspace/tools/bin/../lib/gcc/arm-none-eabi/8.2.1/../../../../arm-none-eabi/lib/thumb/v7-m/nofp/libm.a(lib_a-w_atan2.o)
                              ./src/STM32_Src/tm_stm32f4_gps.o (atan2)
/Users/weitung/eclipse-workspace/tools/bin/../lib/gcc/arm-none-eabi/8.2.1/../../../../arm-none-eabi/lib/thumb/v7-m/nofp/libm.a(lib_a-w_sqrt.o)
                              ./src/STM32_Src/tm_stm32f4_gps.o (sqrt)
/Users/weitung/eclipse-workspace/tools/bin/../lib/gcc/arm-none-eabi/8.2.1/../../../../arm-none-eabi/lib/thumb/v7-m/nofp/libm.a(lib_a-e_atan2.o)
                              /Users/weitung/eclipse-workspace/tools/bin/../lib/gcc/arm-none-eabi/8.2.1/../../../../arm-none-eabi/lib/thumb/v7-m/nofp/libm.a(lib_a-w_atan2.o) (__ieee754_atan2)
/Users/weitung/eclipse-workspace/tools/bin/../lib/gcc/arm-none-eabi/8.2.1/../../../../arm-none-eabi/lib/thumb/v7-m/nofp/libm.a(lib_a-e_rem_pio2.o)
                              /Users/weitung/eclipse-workspace/tools/bin/../lib/gcc/arm-none-eabi/8.2.1/../../../../arm-none-eabi/lib/thumb/v7-m/nofp/libm.a(lib_a-s_cos.o) (__ieee754_rem_pio2)
/Users/weitung/eclipse-workspace/tools/bin/../lib/gcc/arm-none-eabi/8.2.1/../../../../arm-none-eabi/lib/thumb/v7-m/nofp/libm.a(lib_a-e_sqrt.o)
                              /Users/weitung/eclipse-workspace/tools/bin/../lib/gcc/arm-none-eabi/8.2.1/../../../../arm-none-eabi/lib/thumb/v7-m/nofp/libm.a(lib_a-w_sqrt.o) (__ieee754_sqrt)
/Users/weitung/eclipse-workspace/tools/bin/../lib/gcc/arm-none-eabi/8.2.1/../../../../arm-none-eabi/lib/thumb/v7-m/nofp/libm.a(lib_a-k_cos.o)
                              /Users/weitung/eclipse-workspace/tools/bin/../lib/gcc/arm-none-eabi/8.2.1/../../../../arm-none-eabi/lib/thumb/v7-m/nofp/libm.a(lib_a-s_cos.o) (__kernel_cos)
/Users/weitung/eclipse-workspace/tools/bin/../lib/gcc/arm-none-eabi/8.2.1/../../../../arm-none-eabi/lib/thumb/v7-m/nofp/libm.a(lib_a-k_rem_pio2.o)
                              /Users/weitung/eclipse-workspace/tools/bin/../lib/gcc/arm-none-eabi/8.2.1/../../../../arm-none-eabi/lib/thumb/v7-m/nofp/libm.a(lib_a-e_rem_pio2.o) (__kernel_rem_pio2)
/Users/weitung/eclipse-workspace/tools/bin/../lib/gcc/arm-none-eabi/8.2.1/../../../../arm-none-eabi/lib/thumb/v7-m/nofp/libm.a(lib_a-k_sin.o)
                              /Users/weitung/eclipse-workspace/tools/bin/../lib/gcc/arm-none-eabi/8.2.1/../../../../arm-none-eabi/lib/thumb/v7-m/nofp/libm.a(lib_a-s_cos.o) (__kernel_sin)
/Users/weitung/eclipse-workspace/tools/bin/../lib/gcc/arm-none-eabi/8.2.1/../../../../arm-none-eabi/lib/thumb/v7-m/nofp/libm.a(lib_a-s_atan.o)
                              /Users/weitung/eclipse-workspace/tools/bin/../lib/gcc/arm-none-eabi/8.2.1/../../../../arm-none-eabi/lib/thumb/v7-m/nofp/libm.a(lib_a-e_atan2.o) (atan)
/Users/weitung/eclipse-workspace/tools/bin/../lib/gcc/arm-none-eabi/8.2.1/../../../../arm-none-eabi/lib/thumb/v7-m/nofp/libm.a(lib_a-s_fabs.o)
                              /Users/weitung/eclipse-workspace/tools/bin/../lib/gcc/arm-none-eabi/8.2.1/../../../../arm-none-eabi/lib/thumb/v7-m/nofp/libm.a(lib_a-e_atan2.o) (fabs)
/Users/weitung/eclipse-workspace/tools/bin/../lib/gcc/arm-none-eabi/8.2.1/../../../../arm-none-eabi/lib/thumb/v7-m/nofp/libm.a(lib_a-s_floor.o)
                              /Users/weitung/eclipse-workspace/tools/bin/../lib/gcc/arm-none-eabi/8.2.1/../../../../arm-none-eabi/lib/thumb/v7-m/nofp/libm.a(lib_a-k_rem_pio2.o) (floor)
/Users/weitung/eclipse-workspace/tools/bin/../lib/gcc/arm-none-eabi/8.2.1/../../../../arm-none-eabi/lib/thumb/v7-m/nofp/libm.a(lib_a-s_lib_ver.o)
                              /Users/weitung/eclipse-workspace/tools/bin/../lib/gcc/arm-none-eabi/8.2.1/../../../../arm-none-eabi/lib/thumb/v7-m/nofp/libm.a(lib_a-w_sqrt.o) (__fdlib_version)
/Users/weitung/eclipse-workspace/tools/bin/../lib/gcc/arm-none-eabi/8.2.1/../../../../arm-none-eabi/lib/thumb/v7-m/nofp/libm.a(lib_a-s_matherr.o)
                              /Users/weitung/eclipse-workspace/tools/bin/../lib/gcc/arm-none-eabi/8.2.1/../../../../arm-none-eabi/lib/thumb/v7-m/nofp/libm.a(lib_a-w_sqrt.o) (matherr)
[...]
Memory Configuration

Name             Origin             Length             Attributes
FLASH            0x0000000008000000 0x0000000000100000 xr
SRAM             0x0000000020000000 0x000000000001c000 xrw
SRAM2            0x000000002001c000 0x0000000000004000 xrw
CCM              0x0000000010000000 0x0000000000010000 xrw
BACKUP_SRAM      0x0000000040024000 0x0000000000001000 xrw
*default*        0x0000000000000000 0xffffffffffffffff

Linker script and memory map

LOAD /Users/weitung/eclipse-workspace/tools/bin/../lib/gcc/arm-none-eabi/8.2.1/thumb/v7-m/nofp/crti.o
LOAD /Users/weitung/eclipse-workspace/tools/bin/../lib/gcc/arm-none-eabi/8.2.1/thumb/v7-m/nofp/crtbegin.o
LOAD /Users/weitung/eclipse-workspace/tools/bin/../lib/gcc/arm-none-eabi/8.2.1/../../../../arm-none-eabi/lib/thumb/v7-m/nofp/rdimon-crt0.o
LOAD /Users/weitung/eclipse-workspace/tools/bin/../lib/gcc/arm-none-eabi/8.2.1/../../../../arm-none-eabi/lib/thumb/v7-m/nofp/librdimon_nano.a
LOAD ./src/STM32_Src/startup_stm32f4xx.o
LOAD ./src/STM32_Src/tm_stm32f4_delay.o
LOAD ./src/STM32_Src/tm_stm32f4_exti.o
LOAD ./src/STM32_Src/tm_stm32f4_gpio.o
LOAD ./src/STM32_Src/tm_stm32f4_gps.o
LOAD ./src/STM32_Src/tm_stm32f4_i2c.o
LOAD ./src/STM32_Src/tm_stm32f4_nrf24l01.o
LOAD ./src/STM32_Src/tm_stm32f4_spi.o
LOAD ./src/STM32_Src/tm_stm32f4_usart.o
LOAD ./src/main.o
LOAD ./src/printf.o
LOAD ./src/util.o
LOAD ./lib/STM32F4xx_StdPeriph_Driver/src/misc.o
LOAD ./lib/STM32F4xx_StdPeriph_Driver/src/stm32f4xx_adc.o
LOAD ./lib/STM32F4xx_StdPeriph_Driver/src/stm32f4xx_can.o
LOAD ./lib/STM32F4xx_StdPeriph_Driver/src/stm32f4xx_crc.o
LOAD ./lib/STM32F4xx_StdPeriph_Driver/src/stm32f4xx_cryp.o
LOAD ./lib/STM32F4xx_StdPeriph_Driver/src/stm32f4xx_cryp_aes.o
LOAD ./lib/STM32F4xx_StdPeriph_Driver/src/stm32f4xx_cryp_des.o
LOAD ./lib/STM32F4xx_StdPeriph_Driver/src/stm32f4xx_cryp_tdes.o
LOAD ./lib/STM32F4xx_StdPeriph_Driver/src/stm32f4xx_dac.o
LOAD ./lib/STM32F4xx_StdPeriph_Driver/src/stm32f4xx_dbgmcu.o
LOAD ./lib/STM32F4xx_StdPeriph_Driver/src/stm32f4xx_dcmi.o
LOAD ./lib/STM32F4xx_StdPeriph_Driver/src/stm32f4xx_dma.o
LOAD ./lib/STM32F4xx_StdPeriph_Driver/src/stm32f4xx_dma2d.o
LOAD ./lib/STM32F4xx_StdPeriph_Driver/src/stm32f4xx_exti.o
LOAD ./lib/STM32F4xx_StdPeriph_Driver/src/stm32f4xx_flash.o
LOAD ./lib/STM32F4xx_StdPeriph_Driver/src/stm32f4xx_fmc.o
LOAD ./lib/STM32F4xx_StdPeriph_Driver/src/stm32f4xx_fsmc.o
LOAD ./lib/STM32F4xx_StdPeriph_Driver/src/stm32f4xx_gpio.o
LOAD ./lib/STM32F4xx_StdPeriph_Driver/src/stm32f4xx_hash.o
LOAD ./lib/STM32F4xx_StdPeriph_Driver/src/stm32f4xx_hash_md5.o
LOAD ./lib/STM32F4xx_StdPeriph_Driver/src/stm32f4xx_hash_sha1.o
LOAD ./lib/STM32F4xx_StdPeriph_Driver/src/stm32f4xx_i2c.o
LOAD ./lib/STM32F4xx_StdPeriph_Driver/src/stm32f4xx_iwdg.o
LOAD ./lib/STM32F4xx_StdPeriph_Driver/src/stm32f4xx_ltdc.o
LOAD ./lib/STM32F4xx_StdPeriph_Driver/src/stm32f4xx_pwr.o
LOAD ./lib/STM32F4xx_StdPeriph_Driver/src/stm32f4xx_rcc.o
LOAD ./lib/STM32F4xx_StdPeriph_Driver/src/stm32f4xx_rng.o
LOAD ./lib/STM32F4xx_StdPeriph_Driver/src/stm32f4xx_rtc.o
LOAD ./lib/STM32F4xx_StdPeriph_Driver/src/stm32f4xx_sai.o
LOAD ./lib/STM32F4xx_StdPeriph_Driver/src/stm32f4xx_sdio.o
LOAD ./lib/STM32F4xx_StdPeriph_Driver/src/stm32f4xx_spi.o
LOAD ./lib/STM32F4xx_StdPeriph_Driver/src/stm32f4xx_syscfg.o
LOAD ./lib/STM32F4xx_StdPeriph_Driver/src/stm32f4xx_tim.o
LOAD ./lib/STM32F4xx_StdPeriph_Driver/src/stm32f4xx_usart.o
LOAD ./lib/STM32F4xx_StdPeriph_Driver/src/stm32f4xx_wwdg.o
LOAD ./lib/CMSIS/Device/ST/STM32F4xx/Source/Templates/system_stm32f4xx.o
LOAD /Users/weitung/eclipse-workspace/tools/bin/../lib/gcc/arm-none-eabi/8.2.1/../../../../arm-none-eabi/lib/thumb/v7-m/nofp/libstdc++_nano.a
LOAD /Users/weitung/eclipse-workspace/tools/bin/../lib/gcc/arm-none-eabi/8.2.1/../../../../arm-none-eabi/lib/thumb/v7-m/nofp/libm.a
LOAD /Users/weitung/eclipse-workspace/tools/bin/../lib/gcc/arm-none-eabi/8.2.1/../../../../arm-none-eabi/lib/thumb/v7-m/nofp/libc_nano.a
START GROUP
LOAD /Users/weitung/eclipse-workspace/tools/bin/../lib/gcc/arm-none-eabi/8.2.1/thumb/v7-m/nofp/libgcc.a
LOAD /Users/weitung/eclipse-workspace/tools/bin/../lib/gcc/arm-none-eabi/8.2.1/../../../../arm-none-eabi/lib/thumb/v7-m/nofp/libg_nano.a
LOAD /Users/weitung/eclipse-workspace/tools/bin/../lib/gcc/arm-none-eabi/8.2.1/../../../../arm-none-eabi/lib/thumb/v7-m/nofp/libc_nano.a
END GROUP
START GROUP
LOAD /Users/weitung/eclipse-workspace/tools/bin/../lib/gcc/arm-none-eabi/8.2.1/thumb/v7-m/nofp/libgcc.a
LOAD /Users/weitung/eclipse-workspace/tools/bin/../lib/gcc/arm-none-eabi/8.2.1/../../../../arm-none-eabi/lib/thumb/v7-m/nofp/libc_nano.a
LOAD /Users/weitung/eclipse-workspace/tools/bin/../lib/gcc/arm-none-eabi/8.2.1/../../../../arm-none-eabi/lib/thumb/v7-m/nofp/librdimon_nano.a
END GROUP
START GROUP
LOAD /Users/weitung/eclipse-workspace/tools/bin/../lib/gcc/arm-none-eabi/8.2.1/thumb/v7-m/nofp/libgcc.a
LOAD /Users/weitung/eclipse-workspace/tools/bin/../lib/gcc/arm-none-eabi/8.2.1/../../../../arm-none-eabi/lib/thumb/v7-m/nofp/libc_nano.a
LOAD /Users/weitung/eclipse-workspace/tools/bin/../lib/gcc/arm-none-eabi/8.2.1/../../../../arm-none-eabi/lib/thumb/v7-m/nofp/librdimon_nano.a
END GROUP
LOAD /Users/weitung/eclipse-workspace/tools/bin/../lib/gcc/arm-none-eabi/8.2.1/thumb/v7-m/nofp/crtend.o
LOAD /Users/weitung/eclipse-workspace/tools/bin/../lib/gcc/arm-none-eabi/8.2.1/thumb/v7-m/nofp/crtn.o
                0x000000002001c000                _estack = 0x2001c000

.isr_vector     0x0000000008000000      0x1ac
                0x0000000008000000                . = ALIGN (0x4)
 *(.isr_vector)
 .isr_vector    0x0000000008000000      0x1ac ./src/STM32_Src/startup_stm32f4xx.o
                0x0000000008000000                g_pfnVectors
                0x00000000080001ac                . = ALIGN (0x4)

.text           0x00000000080001ac     0x17fc
                0x00000000080001ac                . = ALIGN (0x4)
                0x00000000080001ac                _stext = .
 *(.text)
 .text          0x00000000080001ac       0x40 /Users/weitung/eclipse-workspace/tools/bin/../lib/gcc/arm-none-eabi/8.2.1/thumb/v7-m/nofp/crtbegin.o
 .text          0x00000000080001ec       0x10 /Users/weitung/eclipse-workspace/tools/bin/../lib/gcc/arm-none-eabi/8.2.1/../../../../arm-none-eabi/lib/thumb/v7-m/nofp/libc_nano.a(lib_a-strlen.o)
                0x00000000080001ec                strlen
 *(.text*)
 .text.findslot
                0x00000000080001fc       0x34 /Users/weitung/eclipse-workspace/tools/bin/../lib/gcc/arm-none-eabi/8.2.1/../../../../arm-none-eabi/lib/thumb/v7-m/nofp/librdimon_nano.a(rdimon-syscalls.o)
 .text.error    0x0000000008000230       0x1c /Users/weitung/eclipse-workspace/tools/bin/../lib/gcc/arm-none-eabi/8.2.1/../../../../arm-none-eabi/lib/thumb/v7-m/nofp/librdimon_nano.a(rdimon-syscalls.o)
 .text.checkerror
                0x000000000800024c        0xa /Users/weitung/eclipse-workspace/tools/bin/../lib/gcc/arm-none-eabi/8.2.1/../../../../arm-none-eabi/lib/thumb/v7-m/nofp/librdimon_nano.a(rdimon-syscalls.o)
 .text._swiread
                0x0000000008000256       0x20 /Users/weitung/eclipse-workspace/tools/bin/../lib/gcc/arm-none-eabi/8.2.1/../../../../arm-none-eabi/lib/thumb/v7-m/nofp/librdimon_nano.a(rdimon-syscalls.o)
                0x0000000008000256                _swiread
 .text._read    0x0000000008000276       0x34 /Users/weitung/eclipse-workspace/tools/bin/../lib/gcc/arm-none-eabi/8.2.1/../../../../arm-none-eabi/lib/thumb/v7-m/nofp/librdimon_nano.a(rdimon-syscalls.o)
                0x0000000008000276                _read
 .text._swilseek
                0x00000000080002aa       0x78 /Users/weitung/eclipse-workspace/tools/bin/../lib/gcc/arm-none-eabi/8.2.1/../../../../arm-none-eabi/lib/thumb/v7-m/nofp/librdimon_nano.a(rdimon-syscalls.o)
                0x00000000080002aa                _swilseek
 .text._lseek   0x0000000008000322        0x4 /Users/weitung/eclipse-workspace/tools/bin/../lib/gcc/arm-none-eabi/8.2.1/../../../../arm-none-eabi/lib/thumb/v7-m/nofp/librdimon_nano.a(rdimon-syscalls.o)
                0x0000000008000322                _lseek
 .text._swiwrite
                0x0000000008000326       0x20 /Users/weitung/eclipse-workspace/tools/bin/../lib/gcc/arm-none-eabi/8.2.1/../../../../arm-none-eabi/lib/thumb/v7-m/nofp/librdimon_nano.a(rdimon-syscalls.o)
                0x0000000008000326                _swiwrite
 .text._write   0x0000000008000346       0x40 /Users/weitung/eclipse-workspace/tools/bin/../lib/gcc/arm-none-eabi/8.2.1/../../../../arm-none-eabi/lib/thumb/v7-m/nofp/librdimon_nano.a(rdimon-syscalls.o)
                0x0000000008000346                _write
 .text._swiclose
                0x0000000008000386       0x1a /Users/weitung/eclipse-workspace/tools/bin/../lib/gcc/arm-none-eabi/8.2.1/../../../../arm-none-eabi/lib/thumb/v7-m/nofp/librdimon_nano.a(rdimon-syscalls.o)
                0x0000000008000386                _swiclose
 .text._close   0x00000000080003a0       0x4c /Users/weitung/eclipse-workspace/tools/bin/../lib/gcc/arm-none-eabi/8.2.1/../../../../arm-none-eabi/lib/thumb/v7-m/nofp/librdimon_nano.a(rdimon-syscalls.o)
                0x00000000080003a0                _close
 .text._sbrk    0x00000000080003ec       0x48 /Users/weitung/eclipse-workspace/tools/bin/../lib/gcc/arm-none-eabi/8.2.1/../../../../arm-none-eabi/lib/thumb/v7-m/nofp/librdimon_nano.a(rdimon-syscalls.o)
                0x00000000080003ec                _sbrk
 .text._swistat
                0x0000000008000434       0x42 /Users/weitung/eclipse-workspace/tools/bin/../lib/gcc/arm-none-eabi/8.2.1/../../../../arm-none-eabi/lib/thumb/v7-m/nofp/librdimon_nano.a(rdimon-syscalls.o)
                0x0000000008000434                _swistat
 .text._fstat   0x0000000008000476       0x1c /Users/weitung/eclipse-workspace/tools/bin/../lib/gcc/arm-none-eabi/8.2.1/../../../../arm-none-eabi/lib/thumb/v7-m/nofp/librdimon_nano.a(rdimon-syscalls.o)
                0x0000000008000476                _fstat
 .text._stat    0x0000000008000492       0x3a /Users/weitung/eclipse-workspace/tools/bin/../lib/gcc/arm-none-eabi/8.2.1/../../../../arm-none-eabi/lib/thumb/v7-m/nofp/librdimon_nano.a(rdimon-syscalls.o)
                0x0000000008000492                _stat
 .text._swiopen
                0x00000000080004cc       0xb4 /Users/weitung/eclipse-workspace/tools/bin/../lib/gcc/arm-none-eabi/8.2.1/../../../../arm-none-eabi/lib/thumb/v7-m/nofp/librdimon_nano.a(rdimon-syscalls.o)
                0x00000000080004cc                _swiopen
 .text._get_semihosting_exts
                0x0000000008000580       0xb4 /Users/weitung/eclipse-workspace/tools/bin/../lib/gcc/arm-none-eabi/8.2.1/../../../../arm-none-eabi/lib/thumb/v7-m/nofp/librdimon_nano.a(rdimon-syscalls.o)
                0x0000000008000580                _get_semihosting_exts
 .text.initialise_semihosting_exts
                0x0000000008000634       0x34 /Users/weitung/eclipse-workspace/tools/bin/../lib/gcc/arm-none-eabi/8.2.1/../../../../arm-none-eabi/lib/thumb/v7-m/nofp/librdimon_nano.a(rdimon-syscalls.o)
 .text._has_ext_stdout_stderr
                0x0000000008000668       0x18 /Users/weitung/eclipse-workspace/tools/bin/../lib/gcc/arm-none-eabi/8.2.1/../../../../arm-none-eabi/lib/thumb/v7-m/nofp/librdimon_nano.a(rdimon-syscalls.o)
                0x0000000008000668                _has_ext_stdout_stderr
 .text.initialise_monitor_handles
                0x0000000008000680       0xbc /Users/weitung/eclipse-workspace/tools/bin/../lib/gcc/arm-none-eabi/8.2.1/../../../../arm-none-eabi/lib/thumb/v7-m/nofp/librdimon_nano.a(rdimon-syscalls.o)
                0x0000000008000680                initialise_monitor_handles
 .text._isatty  0x000000000800073c       0x38 /Users/weitung/eclipse-workspace/tools/bin/../lib/gcc/arm-none-eabi/8.2.1/../../../../arm-none-eabi/lib/thumb/v7-m/nofp/librdimon_nano.a(rdimon-syscalls.o)
                0x000000000800073c                _isatty
 .text.Reset_Handler
                0x0000000008000774       0x48 ./src/STM32_Src/startup_stm32f4xx.o
                0x0000000008000774                Reset_Handler
 .text.Default_Handler
                0x00000000080007bc        0x2 ./src/STM32_Src/startup_stm32f4xx.o
                0x00000000080007bc                DMA1_Stream3_IRQHandler
                0x00000000080007bc                HASH_RNG_IRQHandler
                0x00000000080007bc                TIM8_CC_IRQHandler
                0x00000000080007bc                DebugMon_Handler
                0x00000000080007bc                UART8_IRQHandler
                0x00000000080007bc                SPI4_IRQHandler
                0x00000000080007bc                TIM1_CC_IRQHandler
                0x00000000080007bc                DMA2_Stream5_IRQHandler
                0x00000000080007bc                HardFault_Handler
                0x00000000080007bc                DMA1_Stream5_IRQHandler
                0x00000000080007bc                PVD_IRQHandler
                0x00000000080007bc                SDIO_IRQHandler
                0x00000000080007bc                TAMP_STAMP_IRQHandler
                0x00000000080007bc                PendSV_Handler
                0x00000000080007bc                NMI_Handler
                0x00000000080007bc                CAN2_RX1_IRQHandler
                0x00000000080007bc                TIM8_TRG_COM_TIM14_IRQHandler
                0x00000000080007bc                TIM1_UP_TIM10_IRQHandler
                0x00000000080007bc                TIM8_UP_TIM13_IRQHandler
                0x00000000080007bc                I2C3_ER_IRQHandler
                0x00000000080007bc                I2C2_EV_IRQHandler
                0x00000000080007bc                DMA1_Stream2_IRQHandler
                0x00000000080007bc                CAN1_RX0_IRQHandler
                0x00000000080007bc                FPU_IRQHandler
                0x00000000080007bc                OTG_HS_WKUP_IRQHandler
                0x00000000080007bc                UsageFault_Handler
                0x00000000080007bc                LTDC_ER_IRQHandler
                0x00000000080007bc                CAN2_SCE_IRQHandler
                0x00000000080007bc                DMA2_Stream2_IRQHandler
                0x00000000080007bc                SPI1_IRQHandler
                0x00000000080007bc                TIM6_DAC_IRQHandler
                0x00000000080007bc                TIM1_BRK_TIM9_IRQHandler
                0x00000000080007bc                DCMI_IRQHandler
                0x00000000080007bc                CAN2_RX0_IRQHandler
                0x00000000080007bc                DMA2_Stream3_IRQHandler
                0x00000000080007bc                CRYP_IRQHandler
                0x00000000080007bc                CAN1_RX1_IRQHandler
                0x00000000080007bc                DMA2_Stream0_IRQHandler
                0x00000000080007bc                TIM4_IRQHandler
                0x00000000080007bc                I2C1_EV_IRQHandler
                0x00000000080007bc                DMA1_Stream6_IRQHandler
                0x00000000080007bc                DMA1_Stream1_IRQHandler
                0x00000000080007bc                TIM3_IRQHandler
                0x00000000080007bc                RCC_IRQHandler
                0x00000000080007bc                TIM8_BRK_TIM12_IRQHandler
                0x00000000080007bc                Default_Handler
                0x00000000080007bc                ADC_IRQHandler
                0x00000000080007bc                DMA1_Stream7_IRQHandler
                0x00000000080007bc                SPI5_IRQHandler
                0x00000000080007bc                TIM7_IRQHandler
                0x00000000080007bc                CAN2_TX_IRQHandler
                0x00000000080007bc                TIM5_IRQHandler
                0x00000000080007bc                DMA2_Stream7_IRQHandler
                0x00000000080007bc                I2C3_EV_IRQHandler
                0x00000000080007bc                RTC_WKUP_IRQHandler
                0x00000000080007bc                LTDC_IRQHandler
                0x00000000080007bc                ETH_WKUP_IRQHandler
                0x00000000080007bc                SPI2_IRQHandler
                0x00000000080007bc                OTG_HS_EP1_IN_IRQHandler
                0x00000000080007bc                MemManage_Handler
                0x00000000080007bc                DMA1_Stream0_IRQHandler
                0x00000000080007bc                CAN1_TX_IRQHandler
                0x00000000080007bc                SVC_Handler
                0x00000000080007bc                FSMC_IRQHandler
                0x00000000080007bc                ETH_IRQHandler
                0x00000000080007bc                OTG_HS_EP1_OUT_IRQHandler
                0x00000000080007bc                WWDG_IRQHandler
                0x00000000080007bc                SPI6_IRQHandler
                0x00000000080007bc                TIM2_IRQHandler
                0x00000000080007bc                OTG_FS_WKUP_IRQHandler
                0x00000000080007bc                TIM1_TRG_COM_TIM11_IRQHandler
                0x00000000080007bc                OTG_HS_IRQHandler
                0x00000000080007bc                DMA2D_IRQHandler
                0x00000000080007bc                UART7_IRQHandler
                0x00000000080007bc                I2C2_ER_IRQHandler
                0x00000000080007bc                DMA2_Stream1_IRQHandler
                0x00000000080007bc                CAN1_SCE_IRQHandler
                0x00000000080007bc                FLASH_IRQHandler
                0x00000000080007bc                DMA2_Stream4_IRQHandler
                0x00000000080007bc                BusFault_Handler
                0x00000000080007bc                OTG_FS_IRQHandler
                0x00000000080007bc                SPI3_IRQHandler
                0x00000000080007bc                DMA1_Stream4_IRQHandler
                0x00000000080007bc                I2C1_ER_IRQHandler
                0x00000000080007bc                DMA2_Stream6_IRQHandler
                0x00000000080007bc                SAI1_IRQHandler
                0x00000000080007bc                RTC_Alarm_IRQHandler
 *fill*         0x00000000080007be        0x2 
 .text.NVIC_SetPriority
                0x00000000080007c0       0x54 ./src/STM32_Src/tm_stm32f4_delay.o
 .text.SysTick_Config
                0x0000000008000814       0x44 ./src/STM32_Src/tm_stm32f4_delay.o
 .text.SysTick_Handler
                0x0000000008000858       0x30 ./src/STM32_Src/tm_stm32f4_delay.o
                0x0000000008000858                SysTick_Handler
 .text.TM_DELAY_Init
                0x0000000008000888       0x6c ./src/STM32_Src/tm_stm32f4_delay.o
                0x0000000008000888                TM_DELAY_Init
 .text.EXTI0_IRQHandler
                0x00000000080008f4       0x1e ./src/STM32_Src/tm_stm32f4_exti.o
                0x00000000080008f4                EXTI0_IRQHandler
 .text.EXTI1_IRQHandler
                0x0000000008000912       0x1e ./src/STM32_Src/tm_stm32f4_exti.o
                0x0000000008000912                EXTI1_IRQHandler
 .text.EXTI2_IRQHandler
                0x0000000008000930       0x1e ./src/STM32_Src/tm_stm32f4_exti.o
                0x0000000008000930                EXTI2_IRQHandler
 .text.EXTI3_IRQHandler
                0x000000000800094e       0x1e ./src/STM32_Src/tm_stm32f4_exti.o
                0x000000000800094e                EXTI3_IRQHandler
 .text.EXTI4_IRQHandler
                0x000000000800096c       0x1e ./src/STM32_Src/tm_stm32f4_exti.o
                0x000000000800096c                EXTI4_IRQHandler
 .text.EXTI9_5_IRQHandler
                0x000000000800098a       0x7e ./src/STM32_Src/tm_stm32f4_exti.o
                0x000000000800098a                EXTI9_5_IRQHandler
 .text.EXTI15_10_IRQHandler
                0x0000000008000a08       0xa4 ./src/STM32_Src/tm_stm32f4_exti.o
                0x0000000008000a08                EXTI15_10_IRQHandler
 .text.TM_USART_INT_InsertToBuffer
                0x0000000008000aac       0x5a ./src/STM32_Src/tm_stm32f4_usart.o
                0x0000000008000aac                TM_USART_INT_InsertToBuffer
 *fill*         0x0000000008000b06        0x2 
 .text.USART1_IRQHandler
                0x0000000008000b08       0x30 ./src/STM32_Src/tm_stm32f4_usart.o
                0x0000000008000b08                USART1_IRQHandler
 .text.USART2_IRQHandler
                0x0000000008000b38       0x30 ./src/STM32_Src/tm_stm32f4_usart.o
                0x0000000008000b38                USART2_IRQHandler
 .text.USART3_IRQHandler
                0x0000000008000b68       0x30 ./src/STM32_Src/tm_stm32f4_usart.o
                0x0000000008000b68                USART3_IRQHandler
 .text.UART4_IRQHandler
                0x0000000008000b98       0x30 ./src/STM32_Src/tm_stm32f4_usart.o
                0x0000000008000b98                UART4_IRQHandler
 .text.UART5_IRQHandler
                0x0000000008000bc8       0x30 ./src/STM32_Src/tm_stm32f4_usart.o
                0x0000000008000bc8                UART5_IRQHandler
 .text.USART6_IRQHandler
                0x0000000008000bf8       0x30 ./src/STM32_Src/tm_stm32f4_usart.o
                0x0000000008000bf8                USART6_IRQHandler
 .text.main     0x0000000008000c28       0x24 ./src/main.o
                0x0000000008000c28                main
 .text.Delayms  0x0000000008000c4c       0x2c ./src/util.o
 .text.init_delay
                0x0000000008000c78        0xc ./src/util.o
                0x0000000008000c78                init_delay
 .text.delay_ms
                0x0000000008000c84       0x16 ./src/util.o
                0x0000000008000c84                delay_ms
 *fill*         0x0000000008000c9a        0x2 
 .text.EXTI_GetITStatus
                0x0000000008000c9c       0x34 ./lib/STM32F4xx_StdPeriph_Driver/src/stm32f4xx_exti.o
                0x0000000008000c9c                EXTI_GetITStatus
 .text.EXTI_ClearITPendingBit
                0x0000000008000cd0       0x1c ./lib/STM32F4xx_StdPeriph_Driver/src/stm32f4xx_exti.o
                0x0000000008000cd0                EXTI_ClearITPendingBit
 .text.RCC_HSEConfig
                0x0000000008000cec       0x24 ./lib/STM32F4xx_StdPeriph_Driver/src/stm32f4xx_rcc.o
                0x0000000008000cec                RCC_HSEConfig
 .text.RCC_WaitForHSEStartUp
                0x0000000008000d10       0x50 ./lib/STM32F4xx_StdPeriph_Driver/src/stm32f4xx_rcc.o
                0x0000000008000d10                RCC_WaitForHSEStartUp
 .text.RCC_GetFlagStatus
                0x0000000008000d60       0x74 ./lib/STM32F4xx_StdPeriph_Driver/src/stm32f4xx_rcc.o
                0x0000000008000d60                RCC_GetFlagStatus
 .text.SystemInit
                0x0000000008000dd4       0x5c ./lib/CMSIS/Device/ST/STM32F4xx/Source/Templates/system_stm32f4xx.o
                0x0000000008000dd4                SystemInit
 .text.SetSysClock
                0x0000000008000e30       0xf4 ./lib/CMSIS/Device/ST/STM32F4xx/Source/Templates/system_stm32f4xx.o
 .text.__errno  0x0000000008000f24        0xc /Users/weitung/eclipse-workspace/tools/bin/../lib/gcc/arm-none-eabi/8.2.1/../../../../arm-none-eabi/lib/thumb/v7-m/nofp/libc_nano.a(lib_a-errno.o)
                0x0000000008000f24                __errno
 .text.std      0x0000000008000f30       0x48 /Users/weitung/eclipse-workspace/tools/bin/../lib/gcc/arm-none-eabi/8.2.1/../../../../arm-none-eabi/lib/thumb/v7-m/nofp/libc_nano.a(lib_a-findfp.o)
 .text._cleanup_r
                0x0000000008000f78        0xc /Users/weitung/eclipse-workspace/tools/bin/../lib/gcc/arm-none-eabi/8.2.1/../../../../arm-none-eabi/lib/thumb/v7-m/nofp/libc_nano.a(lib_a-findfp.o)
                0x0000000008000f78                _cleanup_r
 .text.__sfmoreglue
                0x0000000008000f84       0x2c /Users/weitung/eclipse-workspace/tools/bin/../lib/gcc/arm-none-eabi/8.2.1/../../../../arm-none-eabi/lib/thumb/v7-m/nofp/libc_nano.a(lib_a-findfp.o)
                0x0000000008000f84                __sfmoreglue
 .text.__sfp_lock_acquire
                0x0000000008000fb0        0xc /Users/weitung/eclipse-workspace/tools/bin/../lib/gcc/arm-none-eabi/8.2.1/../../../../arm-none-eabi/lib/thumb/v7-m/nofp/libc_nano.a(lib_a-findfp.o)
                0x0000000008000fb0                __sfp_lock_acquire
 .text.__sfp_lock_release
                0x0000000008000fbc        0xc /Users/weitung/eclipse-workspace/tools/bin/../lib/gcc/arm-none-eabi/8.2.1/../../../../arm-none-eabi/lib/thumb/v7-m/nofp/libc_nano.a(lib_a-findfp.o)
                0x0000000008000fbc                __sfp_lock_release
 .text.__sinit_lock_acquire
                0x0000000008000fc8        0xc /Users/weitung/eclipse-workspace/tools/bin/../lib/gcc/arm-none-eabi/8.2.1/../../../../arm-none-eabi/lib/thumb/v7-m/nofp/libc_nano.a(lib_a-findfp.o)
                0x0000000008000fc8                __sinit_lock_acquire
 .text.__sinit_lock_release
                0x0000000008000fd4        0xc /Users/weitung/eclipse-workspace/tools/bin/../lib/gcc/arm-none-eabi/8.2.1/../../../../arm-none-eabi/lib/thumb/v7-m/nofp/libc_nano.a(lib_a-findfp.o)
                0x0000000008000fd4                __sinit_lock_release
 .text.__sinit  0x0000000008000fe0       0x70 /Users/weitung/eclipse-workspace/tools/bin/../lib/gcc/arm-none-eabi/8.2.1/../../../../arm-none-eabi/lib/thumb/v7-m/nofp/libc_nano.a(lib_a-findfp.o)
                0x0000000008000fe0                __sinit
 .text.__sfp    0x0000000008001050       0x8c /Users/weitung/eclipse-workspace/tools/bin/../lib/gcc/arm-none-eabi/8.2.1/../../../../arm-none-eabi/lib/thumb/v7-m/nofp/libc_nano.a(lib_a-findfp.o)
                0x0000000008001050                __sfp
 .text._fwalk_reent
                0x00000000080010dc       0x3c /Users/weitung/eclipse-workspace/tools/bin/../lib/gcc/arm-none-eabi/8.2.1/../../../../arm-none-eabi/lib/thumb/v7-m/nofp/libc_nano.a(lib_a-fwalk.o)
                0x00000000080010dc                _fwalk_reent
 .text.__libc_init_array
                0x0000000008001118       0x48 /Users/weitung/eclipse-workspace/tools/bin/../lib/gcc/arm-none-eabi/8.2.1/../../../../arm-none-eabi/lib/thumb/v7-m/nofp/libc_nano.a(lib_a-init.o)
                0x0000000008001118                __libc_init_array
 .text.__retarget_lock_init_recursive
                0x0000000008001160        0x2 /Users/weitung/eclipse-workspace/tools/bin/../lib/gcc/arm-none-eabi/8.2.1/../../../../arm-none-eabi/lib/thumb/v7-m/nofp/libc_nano.a(lib_a-lock.o)
                0x0000000008001160                __retarget_lock_init_recursive
 .text.__retarget_lock_acquire_recursive
                0x0000000008001162        0x2 /Users/weitung/eclipse-workspace/tools/bin/../lib/gcc/arm-none-eabi/8.2.1/../../../../arm-none-eabi/lib/thumb/v7-m/nofp/libc_nano.a(lib_a-lock.o)
                0x0000000008001162                __retarget_lock_acquire_recursive
 .text.__retarget_lock_release_recursive
                0x0000000008001164        0x2 /Users/weitung/eclipse-workspace/tools/bin/../lib/gcc/arm-none-eabi/8.2.1/../../../../arm-none-eabi/lib/thumb/v7-m/nofp/libc_nano.a(lib_a-lock.o)
                0x0000000008001164                __retarget_lock_release_recursive
 .text.memset   0x0000000008001166       0x10 /Users/weitung/eclipse-workspace/tools/bin/../lib/gcc/arm-none-eabi/8.2.1/../../../../arm-none-eabi/lib/thumb/v7-m/nofp/libc_nano.a(lib_a-memset.o)
                0x0000000008001166                memset
 *fill*         0x0000000008001176        0x2 
 .text._free_r  0x0000000008001178       0x98 /Users/weitung/eclipse-workspace/tools/bin/../lib/gcc/arm-none-eabi/8.2.1/../../../../arm-none-eabi/lib/thumb/v7-m/nofp/libc_nano.a(lib_a-nano-freer.o)
                0x0000000008001178                _free_r
 .text._malloc_r
                0x0000000008001210       0xb4 /Users/weitung/eclipse-workspace/tools/bin/../lib/gcc/arm-none-eabi/8.2.1/../../../../arm-none-eabi/lib/thumb/v7-m/nofp/libc_nano.a(lib_a-nano-mallocr.o)
                0x0000000008001210                _malloc_r
 .text._puts_r  0x00000000080012c4       0xdc /Users/weitung/eclipse-workspace/tools/bin/../lib/gcc/arm-none-eabi/8.2.1/../../../../arm-none-eabi/lib/thumb/v7-m/nofp/libc_nano.a(lib_a-puts.o)
                0x00000000080012c4                _puts_r
 .text.puts     0x00000000080013a0       0x10 /Users/weitung/eclipse-workspace/tools/bin/../lib/gcc/arm-none-eabi/8.2.1/../../../../arm-none-eabi/lib/thumb/v7-m/nofp/libc_nano.a(lib_a-puts.o)
                0x00000000080013a0                puts
 .text._sbrk_r  0x00000000080013b0       0x20 /Users/weitung/eclipse-workspace/tools/bin/../lib/gcc/arm-none-eabi/8.2.1/../../../../arm-none-eabi/lib/thumb/v7-m/nofp/libc_nano.a(lib_a-sbrkr.o)
                0x00000000080013b0                _sbrk_r
 .text.__sread  0x00000000080013d0       0x22 /Users/weitung/eclipse-workspace/tools/bin/../lib/gcc/arm-none-eabi/8.2.1/../../../../arm-none-eabi/lib/thumb/v7-m/nofp/libc_nano.a(lib_a-stdio.o)
                0x00000000080013d0                __sread
 .text.__swrite
                0x00000000080013f2       0x38 /Users/weitung/eclipse-workspace/tools/bin/../lib/gcc/arm-none-eabi/8.2.1/../../../../arm-none-eabi/lib/thumb/v7-m/nofp/libc_nano.a(lib_a-stdio.o)
                0x00000000080013f2                __swrite
 .text.__sseek  0x000000000800142a       0x24 /Users/weitung/eclipse-workspace/tools/bin/../lib/gcc/arm-none-eabi/8.2.1/../../../../arm-none-eabi/lib/thumb/v7-m/nofp/libc_nano.a(lib_a-stdio.o)
                0x000000000800142a                __sseek
 .text.__sclose
                0x000000000800144e        0x8 /Users/weitung/eclipse-workspace/tools/bin/../lib/gcc/arm-none-eabi/8.2.1/../../../../arm-none-eabi/lib/thumb/v7-m/nofp/libc_nano.a(lib_a-stdio.o)
                0x000000000800144e                __sclose
 *fill*         0x0000000008001456        0x2 
 .text.__swbuf_r
                0x0000000008001458       0xa4 /Users/weitung/eclipse-workspace/tools/bin/../lib/gcc/arm-none-eabi/8.2.1/../../../../arm-none-eabi/lib/thumb/v7-m/nofp/libc_nano.a(lib_a-wbuf.o)
                0x0000000008001458                __swbuf_r
 .text._write_r
                0x00000000080014fc       0x24 /Users/weitung/eclipse-workspace/tools/bin/../lib/gcc/arm-none-eabi/8.2.1/../../../../arm-none-eabi/lib/thumb/v7-m/nofp/libc_nano.a(lib_a-writer.o)
                0x00000000080014fc                _write_r
 .text.__swsetup_r
                0x0000000008001520       0xdc /Users/weitung/eclipse-workspace/tools/bin/../lib/gcc/arm-none-eabi/8.2.1/../../../../arm-none-eabi/lib/thumb/v7-m/nofp/libc_nano.a(lib_a-wsetup.o)
                0x0000000008001520                __swsetup_r
 .text._close_r
                0x00000000080015fc       0x20 /Users/weitung/eclipse-workspace/tools/bin/../lib/gcc/arm-none-eabi/8.2.1/../../../../arm-none-eabi/lib/thumb/v7-m/nofp/libc_nano.a(lib_a-closer.o)
                0x00000000080015fc                _close_r
 .text.__sflush_r
                0x000000000800161c      0x10c /Users/weitung/eclipse-workspace/tools/bin/../lib/gcc/arm-none-eabi/8.2.1/../../../../arm-none-eabi/lib/thumb/v7-m/nofp/libc_nano.a(lib_a-fflush.o)
                0x000000000800161c                __sflush_r
 .text._fflush_r
                0x0000000008001728       0x78 /Users/weitung/eclipse-workspace/tools/bin/../lib/gcc/arm-none-eabi/8.2.1/../../../../arm-none-eabi/lib/thumb/v7-m/nofp/libc_nano.a(lib_a-fflush.o)
                0x0000000008001728                _fflush_r
 .text._lseek_r
                0x00000000080017a0       0x24 /Users/weitung/eclipse-workspace/tools/bin/../lib/gcc/arm-none-eabi/8.2.1/../../../../arm-none-eabi/lib/thumb/v7-m/nofp/libc_nano.a(lib_a-lseekr.o)
                0x00000000080017a0                _lseek_r
 .text.__swhatbuf_r
                0x00000000080017c4       0x48 /Users/weitung/eclipse-workspace/tools/bin/../lib/gcc/arm-none-eabi/8.2.1/../../../../arm-none-eabi/lib/thumb/v7-m/nofp/libc_nano.a(lib_a-makebuf.o)
                0x00000000080017c4                __swhatbuf_r
 .text.__smakebuf_r
                0x000000000800180c       0x80 /Users/weitung/eclipse-workspace/tools/bin/../lib/gcc/arm-none-eabi/8.2.1/../../../../arm-none-eabi/lib/thumb/v7-m/nofp/libc_nano.a(lib_a-makebuf.o)
                0x000000000800180c                __smakebuf_r
 .text.__malloc_lock
                0x000000000800188c        0xc /Users/weitung/eclipse-workspace/tools/bin/../lib/gcc/arm-none-eabi/8.2.1/../../../../arm-none-eabi/lib/thumb/v7-m/nofp/libc_nano.a(lib_a-mlock.o)
                0x000000000800188c                __malloc_lock
 .text.__malloc_unlock
                0x0000000008001898        0xc /Users/weitung/eclipse-workspace/tools/bin/../lib/gcc/arm-none-eabi/8.2.1/../../../../arm-none-eabi/lib/thumb/v7-m/nofp/libc_nano.a(lib_a-mlock.o)
                0x0000000008001898                __malloc_unlock
 .text._read_r  0x00000000080018a4       0x24 /Users/weitung/eclipse-workspace/tools/bin/../lib/gcc/arm-none-eabi/8.2.1/../../../../arm-none-eabi/lib/thumb/v7-m/nofp/libc_nano.a(lib_a-readr.o)
                0x00000000080018a4                _read_r
 .text._fstat_r
                0x00000000080018c8       0x24 /Users/weitung/eclipse-workspace/tools/bin/../lib/gcc/arm-none-eabi/8.2.1/../../../../arm-none-eabi/lib/thumb/v7-m/nofp/libc_nano.a(lib_a-fstatr.o)
                0x00000000080018c8                _fstat_r
 .text._isatty_r
                0x00000000080018ec       0x20 /Users/weitung/eclipse-workspace/tools/bin/../lib/gcc/arm-none-eabi/8.2.1/../../../../arm-none-eabi/lib/thumb/v7-m/nofp/libc_nano.a(lib_a-isattyr.o)
                0x00000000080018ec                _isatty_r
 *(.rodata)
 .rodata        0x000000000800190c        0x5 ./src/main.o
 *(.rodata*)
 .rodata._get_semihosting_exts.str1.1
                0x0000000008001911       0x16 /Users/weitung/eclipse-workspace/tools/bin/../lib/gcc/arm-none-eabi/8.2.1/../../../../arm-none-eabi/lib/thumb/v7-m/nofp/librdimon_nano.a(rdimon-syscalls.o)
 .rodata.initialise_monitor_handles.str1.1
                0x0000000008001927        0x4 /Users/weitung/eclipse-workspace/tools/bin/../lib/gcc/arm-none-eabi/8.2.1/../../../../arm-none-eabi/lib/thumb/v7-m/nofp/librdimon_nano.a(rdimon-syscalls.o)
 *fill*         0x000000000800192b        0x1 
 .rodata.__sf_fake_stderr
                0x000000000800192c       0x20 /Users/weitung/eclipse-workspace/tools/bin/../lib/gcc/arm-none-eabi/8.2.1/../../../../arm-none-eabi/lib/thumb/v7-m/nofp/libc_nano.a(lib_a-findfp.o)
                0x000000000800192c                __sf_fake_stderr
 .rodata.__sf_fake_stdin
                0x000000000800194c       0x20 /Users/weitung/eclipse-workspace/tools/bin/../lib/gcc/arm-none-eabi/8.2.1/../../../../arm-none-eabi/lib/thumb/v7-m/nofp/libc_nano.a(lib_a-findfp.o)
                0x000000000800194c                __sf_fake_stdin
 .rodata.__sf_fake_stdout
                0x000000000800196c       0x20 /Users/weitung/eclipse-workspace/tools/bin/../lib/gcc/arm-none-eabi/8.2.1/../../../../arm-none-eabi/lib/thumb/v7-m/nofp/libc_nano.a(lib_a-findfp.o)
                0x000000000800196c                __sf_fake_stdout
 .rodata._global_impure_ptr
                0x000000000800198c        0x4 /Users/weitung/eclipse-workspace/tools/bin/../lib/gcc/arm-none-eabi/8.2.1/../../../../arm-none-eabi/lib/thumb/v7-m/nofp/libc_nano.a(lib_a-impure.o)
                0x000000000800198c                _global_impure_ptr
 *(.glue_7)
 .glue_7        0x0000000008001990        0x0 linker stubs
 *(.glue_7t)
 .glue_7t       0x0000000008001990        0x0 linker stubs
 *(.init)
 .init          0x0000000008001990        0x4 /Users/weitung/eclipse-workspace/tools/bin/../lib/gcc/arm-none-eabi/8.2.1/thumb/v7-m/nofp/crti.o
                0x0000000008001990                _init
 .init          0x0000000008001994        0x8 /Users/weitung/eclipse-workspace/tools/bin/../lib/gcc/arm-none-eabi/8.2.1/thumb/v7-m/nofp/crtn.o
 *(.fini)
 .fini          0x000000000800199c        0x4 /Users/weitung/eclipse-workspace/tools/bin/../lib/gcc/arm-none-eabi/8.2.1/thumb/v7-m/nofp/crti.o
                0x000000000800199c                _fini
 .fini          0x00000000080019a0        0x8 /Users/weitung/eclipse-workspace/tools/bin/../lib/gcc/arm-none-eabi/8.2.1/thumb/v7-m/nofp/crtn.o
                0x00000000080019a8                . = ALIGN (0x4)
                0x00000000080019a8                _etext = .

.eh_frame       0x00000000080019a8        0x0
 .eh_frame      0x00000000080019a8        0x0 /Users/weitung/eclipse-workspace/tools/bin/../lib/gcc/arm-none-eabi/8.2.1/thumb/v7-m/nofp/crtbegin.o

.vfp11_veneer   0x00000000080019a8        0x0
 .vfp11_veneer  0x00000000080019a8        0x0 linker stubs

.v4_bx          0x00000000080019a8        0x0
 .v4_bx         0x00000000080019a8        0x0 linker stubs

.iplt           0x00000000080019a8        0x0
 .iplt          0x00000000080019a8        0x0 /Users/weitung/eclipse-workspace/tools/bin/../lib/gcc/arm-none-eabi/8.2.1/thumb/v7-m/nofp/crtbegin.o

.rel.dyn        0x00000000080019a8        0x0
 .rel.iplt      0x00000000080019a8        0x0 /Users/weitung/eclipse-workspace/tools/bin/../lib/gcc/arm-none-eabi/8.2.1/thumb/v7-m/nofp/crtbegin.o

.ARM.extab      0x00000000080019a8        0x0
                0x00000000080019a8                . = ALIGN (0x4)
 *(.ARM.extab)
 *(.gnu.linkonce.armextab.*)
                0x00000000080019a8                . = ALIGN (0x4)

.exidx          0x00000000080019a8        0x0
                0x00000000080019a8                . = ALIGN (0x4)
                [!provide]                        PROVIDE (__exidx_start = .)
 *(.ARM.exidx*)
                0x00000000080019a8                . = ALIGN (0x4)
                [!provide]                        PROVIDE (__exidx_end = .)

.ARM.attributes
                0x00000000080019a8       0x29
 *(.ARM.attributes)
 .ARM.attributes
                0x00000000080019a8       0x1d /Users/weitung/eclipse-workspace/tools/bin/../lib/gcc/arm-none-eabi/8.2.1/thumb/v7-m/nofp/crti.o
 .ARM.attributes
                0x00000000080019c5       0x2d /Users/weitung/eclipse-workspace/tools/bin/../lib/gcc/arm-none-eabi/8.2.1/thumb/v7-m/nofp/crtbegin.o
 .ARM.attributes
                0x00000000080019f2       0x2d /Users/weitung/eclipse-workspace/tools/bin/../lib/gcc/arm-none-eabi/8.2.1/../../../../arm-none-eabi/lib/thumb/v7-m/nofp/librdimon_nano.a(rdimon-syscalls.o)
 .ARM.attributes
                0x0000000008001a1f       0x2d ./src/STM32_Src/startup_stm32f4xx.o
 .ARM.attributes
                0x0000000008001a4c       0x2d ./src/STM32_Src/tm_stm32f4_delay.o
 .ARM.attributes
                0x0000000008001a79       0x2d ./src/STM32_Src/tm_stm32f4_exti.o
 .ARM.attributes
                0x0000000008001aa6       0x2d ./src/STM32_Src/tm_stm32f4_usart.o
 .ARM.attributes
                0x0000000008001ad3       0x2d ./src/main.o
 .ARM.attributes
                0x0000000008001b00       0x2d ./src/util.o
 .ARM.attributes
                0x0000000008001b2d       0x2d ./lib/STM32F4xx_StdPeriph_Driver/src/stm32f4xx_exti.o
 .ARM.attributes
                0x0000000008001b5a       0x2d ./lib/STM32F4xx_StdPeriph_Driver/src/stm32f4xx_rcc.o
 .ARM.attributes
                0x0000000008001b87       0x2d ./lib/CMSIS/Device/ST/STM32F4xx/Source/Templates/system_stm32f4xx.o
 .ARM.attributes
                0x0000000008001bb4       0x2d /Users/weitung/eclipse-workspace/tools/bin/../lib/gcc/arm-none-eabi/8.2.1/../../../../arm-none-eabi/lib/thumb/v7-m/nofp/libc_nano.a(lib_a-errno.o)
 .ARM.attributes
                0x0000000008001be1       0x2d /Users/weitung/eclipse-workspace/tools/bin/../lib/gcc/arm-none-eabi/8.2.1/../../../../arm-none-eabi/lib/thumb/v7-m/nofp/libc_nano.a(lib_a-findfp.o)
 .ARM.attributes
                0x0000000008001c0e       0x2d /Users/weitung/eclipse-workspace/tools/bin/../lib/gcc/arm-none-eabi/8.2.1/../../../../arm-none-eabi/lib/thumb/v7-m/nofp/libc_nano.a(lib_a-fwalk.o)
 .ARM.attributes
                0x0000000008001c3b       0x2d /Users/weitung/eclipse-workspace/tools/bin/../lib/gcc/arm-none-eabi/8.2.1/../../../../arm-none-eabi/lib/thumb/v7-m/nofp/libc_nano.a(lib_a-impure.o)
 .ARM.attributes
                0x0000000008001c68       0x2d /Users/weitung/eclipse-workspace/tools/bin/../lib/gcc/arm-none-eabi/8.2.1/../../../../arm-none-eabi/lib/thumb/v7-m/nofp/libc_nano.a(lib_a-init.o)
 .ARM.attributes
                0x0000000008001c95       0x2d /Users/weitung/eclipse-workspace/tools/bin/../lib/gcc/arm-none-eabi/8.2.1/../../../../arm-none-eabi/lib/thumb/v7-m/nofp/libc_nano.a(lib_a-lock.o)
 .ARM.attributes
                0x0000000008001cc2       0x2d /Users/weitung/eclipse-workspace/tools/bin/../lib/gcc/arm-none-eabi/8.2.1/../../../../arm-none-eabi/lib/thumb/v7-m/nofp/libc_nano.a(lib_a-memset.o)
 .ARM.attributes
                0x0000000008001cef       0x2d /Users/weitung/eclipse-workspace/tools/bin/../lib/gcc/arm-none-eabi/8.2.1/../../../../arm-none-eabi/lib/thumb/v7-m/nofp/libc_nano.a(lib_a-nano-freer.o)
 .ARM.attributes
                0x0000000008001d1c       0x2d /Users/weitung/eclipse-workspace/tools/bin/../lib/gcc/arm-none-eabi/8.2.1/../../../../arm-none-eabi/lib/thumb/v7-m/nofp/libc_nano.a(lib_a-nano-mallocr.o)
 .ARM.attributes
                0x0000000008001d49       0x2d /Users/weitung/eclipse-workspace/tools/bin/../lib/gcc/arm-none-eabi/8.2.1/../../../../arm-none-eabi/lib/thumb/v7-m/nofp/libc_nano.a(lib_a-puts.o)
 .ARM.attributes
                0x0000000008001d76       0x2d /Users/weitung/eclipse-workspace/tools/bin/../lib/gcc/arm-none-eabi/8.2.1/../../../../arm-none-eabi/lib/thumb/v7-m/nofp/libc_nano.a(lib_a-sbrkr.o)
 .ARM.attributes
                0x0000000008001da3       0x2d /Users/weitung/eclipse-workspace/tools/bin/../lib/gcc/arm-none-eabi/8.2.1/../../../../arm-none-eabi/lib/thumb/v7-m/nofp/libc_nano.a(lib_a-stdio.o)
 .ARM.attributes
                0x0000000008001dd0       0x17 /Users/weitung/eclipse-workspace/tools/bin/../lib/gcc/arm-none-eabi/8.2.1/../../../../arm-none-eabi/lib/thumb/v7-m/nofp/libc_nano.a(lib_a-strlen.o)
 .ARM.attributes
                0x0000000008001de7       0x2d /Users/weitung/eclipse-workspace/tools/bin/../lib/gcc/arm-none-eabi/8.2.1/../../../../arm-none-eabi/lib/thumb/v7-m/nofp/libc_nano.a(lib_a-wbuf.o)
 .ARM.attributes
                0x0000000008001e14       0x2d /Users/weitung/eclipse-workspace/tools/bin/../lib/gcc/arm-none-eabi/8.2.1/../../../../arm-none-eabi/lib/thumb/v7-m/nofp/libc_nano.a(lib_a-writer.o)
 .ARM.attributes
                0x0000000008001e41       0x2d /Users/weitung/eclipse-workspace/tools/bin/../lib/gcc/arm-none-eabi/8.2.1/../../../../arm-none-eabi/lib/thumb/v7-m/nofp/libc_nano.a(lib_a-wsetup.o)
 .ARM.attributes
                0x0000000008001e6e       0x2d /Users/weitung/eclipse-workspace/tools/bin/../lib/gcc/arm-none-eabi/8.2.1/../../../../arm-none-eabi/lib/thumb/v7-m/nofp/libc_nano.a(lib_a-closer.o)
 .ARM.attributes
                0x0000000008001e9b       0x2d /Users/weitung/eclipse-workspace/tools/bin/../lib/gcc/arm-none-eabi/8.2.1/../../../../arm-none-eabi/lib/thumb/v7-m/nofp/libc_nano.a(lib_a-fflush.o)
 .ARM.attributes
                0x0000000008001ec8       0x2d /Users/weitung/eclipse-workspace/tools/bin/../lib/gcc/arm-none-eabi/8.2.1/../../../../arm-none-eabi/lib/thumb/v7-m/nofp/libc_nano.a(lib_a-lseekr.o)
 .ARM.attributes
                0x0000000008001ef5       0x2d /Users/weitung/eclipse-workspace/tools/bin/../lib/gcc/arm-none-eabi/8.2.1/../../../../arm-none-eabi/lib/thumb/v7-m/nofp/libc_nano.a(lib_a-makebuf.o)
 .ARM.attributes
                0x0000000008001f22       0x2d /Users/weitung/eclipse-workspace/tools/bin/../lib/gcc/arm-none-eabi/8.2.1/../../../../arm-none-eabi/lib/thumb/v7-m/nofp/libc_nano.a(lib_a-mlock.o)
 .ARM.attributes
                0x0000000008001f4f       0x2d /Users/weitung/eclipse-workspace/tools/bin/../lib/gcc/arm-none-eabi/8.2.1/../../../../arm-none-eabi/lib/thumb/v7-m/nofp/libc_nano.a(lib_a-readr.o)
 .ARM.attributes
                0x0000000008001f7c       0x2d /Users/weitung/eclipse-workspace/tools/bin/../lib/gcc/arm-none-eabi/8.2.1/../../../../arm-none-eabi/lib/thumb/v7-m/nofp/libc_nano.a(lib_a-reent.o)
 .ARM.attributes
                0x0000000008001fa9       0x2d /Users/weitung/eclipse-workspace/tools/bin/../lib/gcc/arm-none-eabi/8.2.1/../../../../arm-none-eabi/lib/thumb/v7-m/nofp/libc_nano.a(lib_a-fstatr.o)
 .ARM.attributes
                0x0000000008001fd6       0x2d /Users/weitung/eclipse-workspace/tools/bin/../lib/gcc/arm-none-eabi/8.2.1/../../../../arm-none-eabi/lib/thumb/v7-m/nofp/libc_nano.a(lib_a-isattyr.o)
 .ARM.attributes
                0x0000000008002003       0x1d /Users/weitung/eclipse-workspace/tools/bin/../lib/gcc/arm-none-eabi/8.2.1/thumb/v7-m/nofp/crtn.o

.preinit_array  0x00000000080019a8        0x0
                0x00000000080019a8                PROVIDE (__preinit_array_start = .)
 *(.preinit_array*)
                0x00000000080019a8                PROVIDE (__preinit_array_end = .)

.init_array     0x00000000080019a8        0x4
                0x00000000080019a8                PROVIDE (__init_array_start = .)
 *(SORT_BY_NAME(.init_array.*))
 *(.init_array*)
 .init_array    0x00000000080019a8        0x4 /Users/weitung/eclipse-workspace/tools/bin/../lib/gcc/arm-none-eabi/8.2.1/thumb/v7-m/nofp/crtbegin.o
                0x00000000080019ac                PROVIDE (__init_array_end = .)

.fini_array     0x00000000080019ac        0x4
                [!provide]                        PROVIDE (__fini_array_start = .)
 *(.fini_array*)
 .fini_array    0x00000000080019ac        0x4 /Users/weitung/eclipse-workspace/tools/bin/../lib/gcc/arm-none-eabi/8.2.1/thumb/v7-m/nofp/crtbegin.o
 *(SORT_BY_NAME(.fini_array.*))
                [!provide]                        PROVIDE (__fini_array_end = .)
                0x00000000080019b0                . = ALIGN (0x4)
                0x00000000080019b0                _sidata = .

.data           0x0000000020000000       0xd4 load address 0x00000000080019b0
                0x0000000020000000                . = ALIGN (0x4)
                0x0000000020000000                _sdata = .
                [!provide]                        PROVIDE (__data_start__ = _sdata)
 *(.data)
 *(.data*)
 .data.__heap_limit
                0x0000000020000000        0x4 /Users/weitung/eclipse-workspace/tools/bin/../lib/gcc/arm-none-eabi/8.2.1/../../../../arm-none-eabi/lib/thumb/v7-m/nofp/librdimon_nano.a(rdimon-syscalls.o)
                0x0000000020000000                __heap_limit
 .data.supports_ext_exit_extended
                0x0000000020000004        0x4 /Users/weitung/eclipse-workspace/tools/bin/../lib/gcc/arm-none-eabi/8.2.1/../../../../arm-none-eabi/lib/thumb/v7-m/nofp/librdimon_nano.a(rdimon-syscalls.o)
 .data.supports_ext_stdout_stderr
                0x0000000020000008        0x4 /Users/weitung/eclipse-workspace/tools/bin/../lib/gcc/arm-none-eabi/8.2.1/../../../../arm-none-eabi/lib/thumb/v7-m/nofp/librdimon_nano.a(rdimon-syscalls.o)
 .data.TM_USART1
                0x000000002000000c       0x10 ./src/STM32_Src/tm_stm32f4_usart.o
                0x000000002000000c                TM_USART1
 .data.TM_USART2
                0x000000002000001c       0x10 ./src/STM32_Src/tm_stm32f4_usart.o
                0x000000002000001c                TM_USART2
 .data.TM_USART3
                0x000000002000002c       0x10 ./src/STM32_Src/tm_stm32f4_usart.o
                0x000000002000002c                TM_USART3
 .data.TM_UART4
                0x000000002000003c       0x10 ./src/STM32_Src/tm_stm32f4_usart.o
                0x000000002000003c                TM_UART4
 .data.TM_UART5
                0x000000002000004c       0x10 ./src/STM32_Src/tm_stm32f4_usart.o
                0x000000002000004c                TM_UART5
 .data.TM_USART6
                0x000000002000005c       0x10 ./src/STM32_Src/tm_stm32f4_usart.o
                0x000000002000005c                TM_USART6
 .data.SystemCoreClock
                0x000000002000006c        0x4 ./lib/CMSIS/Device/ST/STM32F4xx/Source/Templates/system_stm32f4xx.o
                0x000000002000006c                SystemCoreClock
 .data._impure_ptr
                0x0000000020000070        0x4 /Users/weitung/eclipse-workspace/tools/bin/../lib/gcc/arm-none-eabi/8.2.1/../../../../arm-none-eabi/lib/thumb/v7-m/nofp/libc_nano.a(lib_a-impure.o)
                0x0000000020000070                _impure_ptr
 .data.impure_data
                0x0000000020000074       0x60 /Users/weitung/eclipse-workspace/tools/bin/../lib/gcc/arm-none-eabi/8.2.1/../../../../arm-none-eabi/lib/thumb/v7-m/nofp/libc_nano.a(lib_a-impure.o)
                0x00000000200000d4                . = ALIGN (0x4)
                0x00000000200000d4                _edata = .
                [!provide]                        PROVIDE (__data_end__ = _edata)

.igot.plt       0x00000000200000d4        0x0 load address 0x0000000008001a84
 .igot.plt      0x00000000200000d4        0x0 /Users/weitung/eclipse-workspace/tools/bin/../lib/gcc/arm-none-eabi/8.2.1/thumb/v7-m/nofp/crtbegin.o

.bss            0x00000000200000d4     0x60f4 load address 0x0000000008001a84
                0x00000000200000d4                . = ALIGN (0x4)
                0x00000000200000d4                _sbss = .
                0x00000000200000d4                PROVIDE (__bss_start__ = _sbss)
 *(.bss)
 .bss           0x00000000200000d4       0x1c /Users/weitung/eclipse-workspace/tools/bin/../lib/gcc/arm-none-eabi/8.2.1/thumb/v7-m/nofp/crtbegin.o
 *(.bss*)
 .bss.heap_end.6389
                0x00000000200000f0        0x4 /Users/weitung/eclipse-workspace/tools/bin/../lib/gcc/arm-none-eabi/8.2.1/../../../../arm-none-eabi/lib/thumb/v7-m/nofp/librdimon_nano.a(rdimon-syscalls.o)
 .bss.monitor_stderr
                0x00000000200000f4        0x4 /Users/weitung/eclipse-workspace/tools/bin/../lib/gcc/arm-none-eabi/8.2.1/../../../../arm-none-eabi/lib/thumb/v7-m/nofp/librdimon_nano.a(rdimon-syscalls.o)
 .bss.monitor_stdin
                0x00000000200000f8        0x4 /Users/weitung/eclipse-workspace/tools/bin/../lib/gcc/arm-none-eabi/8.2.1/../../../../arm-none-eabi/lib/thumb/v7-m/nofp/librdimon_nano.a(rdimon-syscalls.o)
 .bss.monitor_stdout
                0x00000000200000fc        0x4 /Users/weitung/eclipse-workspace/tools/bin/../lib/gcc/arm-none-eabi/8.2.1/../../../../arm-none-eabi/lib/thumb/v7-m/nofp/librdimon_nano.a(rdimon-syscalls.o)
 .bss.openfiles
                0x0000000020000100       0xa0 /Users/weitung/eclipse-workspace/tools/bin/../lib/gcc/arm-none-eabi/8.2.1/../../../../arm-none-eabi/lib/thumb/v7-m/nofp/librdimon_nano.a(rdimon-syscalls.o)
 .bss.TM_Time   0x00000000200001a0        0x4 ./src/STM32_Src/tm_stm32f4_delay.o
                0x00000000200001a0                TM_Time
 .bss.TM_Time2  0x00000000200001a4        0x4 ./src/STM32_Src/tm_stm32f4_delay.o
                0x00000000200001a4                TM_Time2
 .bss.TM_DELAY_Initialized
                0x00000000200001a8        0x1 ./src/STM32_Src/tm_stm32f4_delay.o
                0x00000000200001a8                TM_DELAY_Initialized
 *fill*         0x00000000200001a9        0x3 
 .bss.__malloc_free_list
                0x00000000200001ac        0x4 /Users/weitung/eclipse-workspace/tools/bin/../lib/gcc/arm-none-eabi/8.2.1/../../../../arm-none-eabi/lib/thumb/v7-m/nofp/libc_nano.a(lib_a-nano-mallocr.o)
                0x00000000200001ac                __malloc_free_list
 .bss.__malloc_sbrk_start
                0x00000000200001b0        0x4 /Users/weitung/eclipse-workspace/tools/bin/../lib/gcc/arm-none-eabi/8.2.1/../../../../arm-none-eabi/lib/thumb/v7-m/nofp/libc_nano.a(lib_a-nano-mallocr.o)
                0x00000000200001b0                __malloc_sbrk_start
 *(COMMON)
 COMMON         0x00000000200001b4        0x4 ./src/STM32_Src/tm_stm32f4_delay.o
                0x00000000200001b4                mult
 COMMON         0x00000000200001b8     0x6000 ./src/STM32_Src/tm_stm32f4_usart.o
                0x00000000200001b8                TM_UART5_Buffer
                0x00000000200011b8                TM_USART6_Buffer
                0x00000000200021b8                TM_USART3_Buffer
                0x00000000200031b8                TM_USART2_Buffer
                0x00000000200041b8                TM_USART1_Buffer
                0x00000000200051b8                TM_UART4_Buffer
 COMMON         0x00000000200061b8        0x9 /Users/weitung/eclipse-workspace/tools/bin/../lib/gcc/arm-none-eabi/8.2.1/../../../../arm-none-eabi/lib/thumb/v7-m/nofp/libc_nano.a(lib_a-lock.o)
                0x00000000200061b8                __lock___atexit_recursive_mutex
                0x00000000200061b9                __lock___arc4random_mutex
                0x00000000200061ba                __lock___env_recursive_mutex
                0x00000000200061bb                __lock___sinit_recursive_mutex
                0x00000000200061bc                __lock___malloc_recursive_mutex
                0x00000000200061bd                __lock___at_quick_exit_mutex
                0x00000000200061be                __lock___dd_hash_mutex
                0x00000000200061bf                __lock___tz_mutex
                0x00000000200061c0                __lock___sfp_recursive_mutex
 *fill*         0x00000000200061c1        0x3 
 COMMON         0x00000000200061c4        0x4 /Users/weitung/eclipse-workspace/tools/bin/../lib/gcc/arm-none-eabi/8.2.1/../../../../arm-none-eabi/lib/thumb/v7-m/nofp/libc_nano.a(lib_a-reent.o)
                0x00000000200061c4                errno
                0x00000000200061c8                . = ALIGN (0x4)
                0x00000000200061c8                _ebss = .
                0x00000000200061c8                PROVIDE (__bss_end__ = _ebss)
                0x00000000200061c8                PROVIDE (end = .)
OUTPUT(standalone-test.elf elf32-littlearm)

.comment        0x0000000000000000       0x75
 .comment       0x0000000000000000       0x75 ./src/STM32_Src/startup_stm32f4xx.o
                                         0x76 (size before relaxing)
 .comment       0x0000000000000075       0x76 ./src/STM32_Src/tm_stm32f4_delay.o
 .comment       0x0000000000000075       0x76 ./src/STM32_Src/tm_stm32f4_exti.o
 .comment       0x0000000000000075       0x76 ./src/STM32_Src/tm_stm32f4_usart.o
 .comment       0x0000000000000075       0x76 ./src/main.o
 .comment       0x0000000000000075       0x76 ./src/util.o
 .comment       0x0000000000000075       0x76 ./lib/STM32F4xx_StdPeriph_Driver/src/stm32f4xx_exti.o
 .comment       0x0000000000000075       0x76 ./lib/STM32F4xx_StdPeriph_Driver/src/stm32f4xx_rcc.o
 .comment       0x0000000000000075       0x76 ./lib/CMSIS/Device/ST/STM32F4xx/Source/Templates/system_stm32f4xx.o
